== 1. check-package
package: PASS
== 2. edited draft without sealing
ERROR: BASELINE Working digest does not match canonical content
ERROR: EVID-03 evidence checksum does not match the retained excerpt

TASK-0002: FAIL
exit=1
== 3. rerun same ID
ERROR: run already exists: /tmp/tmp.VxtdVBlEiI/runtime/runs/TASK-0002
exit=1
== 4. verify-ci with failed draft in submissions/
ERROR: BASELINE Working digest does not match canonical content
ERROR: EVID-03 evidence checksum does not match the retained excerpt

golden/TASK-0001.json: PASS
submissions/TASK-0002.json: FAIL
exit=1
== 5. seal (stdin script) and run under new ID
sealed: submissions/TASK-0003.json
TASK-0003: PASS
exit=0
== 6. move failed draft out of submissions/, then verify-ci
package: PASS
golden/TASK-0001.json: PASS
submissions/TASK-0003.json: PASS
exit=0
== 7. bad file name in submissions/
ERROR: unexpected submission: BCREQ-123.json
exit=1
== 8. ID rules
ERROR: task ID must match TASK-0001
exit=1
== 9. trace of TASK-0002
validate-working script_invoked 1 
compile step_skipped None previous machine gate failed
validate-release step_skipped None previous machine gate failed
G-human contract_mode None semantic and publication review required; not credited as a machine gate
release-manifest.json
release.json
trace.jsonl
